// Vitest Snapshot v1, https://vitest.dev/guide/snapshot.html

exports[`rsi > should calculate RSI 1`] = `
[
  NaN,
  NaN,
  NaN,
  NaN,
  NaN,
  NaN,
  NaN,
  NaN,
  NaN,
  NaN,
  NaN,
  NaN,
  NaN,
  NaN,
  66.66,
  57.27,
  57.18,
  57.31,
  60.79,
  61.47,
  52.68,
  61.44,
  61.32,
  62.48,
  62.63,
  60.32,
  56.58,
  58.23,
  56.04,
  58.06,
  61.01,
  66.55,
  68.31,
  71.23,
  73.82,
  66.1,
  72.41,
  72.54,
  70.32,
  70.94,
  56.96,
  54.99,
  59.01,
  62.52,
  53.99,
  54.56,
  51.8,
  53.59,
  49.95,
  52.01,
  55.05,
  61.14,
  59.46,
  55.1,
  55.66,
  51.7,
  62.26,
  59.06,
  55.02,
  54.34,
  53.45,
  58.74,
  59,
  46.31,
  50.81,
  50.91,
  48.65,
  47.07,
  55.81,
  56.76,
  69.37,
  70.66,
  62.61,
  65.1,
  57.29,
  59.24,
  62.8,
  58.63,
  54.59,
  55.75,
  54.35,
  53.24,
  44.09,
  40.35,
  39.97,
  39.09,
  43.09,
  43.13,
  42.38,
  47.63,
  49.66,
  45.18,
  46.97,
  47.41,
  46.37,
  45.76,
  47.07,
  54.04,
  58.4,
  57.77,
  62.92,
  63.89,
  64.39,
  73.3,
  70.83,
  76.62,
  78.27,
  75.76,
  73.83,
  77.54,
  79.6,
  81.63,
  76.13,
  76.28,
  70.6,
  73.62,
  77.83,
  79.65,
  81.39,
  84.43,
  80.14,
  82.24,
  81.08,
  82.59,
  85.26,
  78.4,
  83.53,
  84.27,
  84.49,
  84.84,
  82.42,
  85.53,
  78.7,
  79.23,
  70.06,
  61.37,
  50.72,
  55.33,
  50.19,
  38.78,
  50.68,
  50.01,
  45.58,
  45.38,
  49.52,
  53.62,
  53.52,
  50.54,
  52.49,
  50.6,
  50.44,
  55.5,
  49.98,
  42.64,
  43.91,
  44.6,
  44.24,
  45.8,
  50.26,
  58.86,
  51.35,
  52.71,
  51.05,
  42.19,
  36.26,
  41.9,
  40.54,
  40.05,
  37.43,
  40.78,
  40.54,
  44.82,
  44.53,
  46.89,
  47.73,
  44.53,
  45.31,
  44.25,
  50.54,
  50.91,
  48.55,
  39.88,
  38.35,
  39.21,
  45.78,
  46.55,
  47.63,
  43.99,
  41.38,
  39.92,
  44.01,
  38.31,
  38.47,
  39.7,
  41.26,
  37.85,
  47.99,
  43.53,
  51.66,
]
`;

exports[`rsi > should calculate RSI for 1h candles 1`] = `
[
  NaN,
  NaN,
  NaN,
  NaN,
  NaN,
  NaN,
  NaN,
  NaN,
  NaN,
  NaN,
  NaN,
  NaN,
  NaN,
  NaN,
  50.24,
  51.04,
  51.82,
  45.91,
  46.15,
  44.02,
  42.33,
  40.89,
  49.39,
  43.42,
]
`;
